// 重构日志: 3f372a8f
// 重构日志: 967df8a5
// 重构日志: adc65b2b
// 重构日志: bff40d29
// 重构日志: f3d7646d
// 同步 ID: e7b1b7b1 @ Fri Jul 17 01:02:03 UTC 2026
// 重构日志: ec448956
// 重构日志: 634d693f
// 重构日志: 89d94f2d
// 同步 ID: b0e1ebc0 @ Wed Jul 22 00:28:29 UTC 2026
// 重构日志: 07d2b4ab
// 重构日志: 8f172b20
// 重构日志: 88af8d17
// 重构日志: b3f5c4e0
// 重构日志: 2f3d6eab
// 重构日志: 21693850
// 同步 ID: c981a85c @ Mon Jul 27 18:40:00 UTC 2026
// 重构日志: a59b2ed3
// 重构日志: b4846cbf
// 同步 ID: db9b5f0f @ Sun Aug  2 21:54:09 UTC 2026
// 重构日志: 6a4e367a
// 同步 ID: 0dfc1d35 @ Wed Aug  5 08:32:28 UTC 2026
